C51 COMPILER V8.09   KEY4                                                                  03/17/2008 16:26:09 PAGE 1   


C51 COMPILER V8.09, COMPILATION OF MODULE KEY4
OBJECT MODULE PLACED IN KEY4.OBJ
COMPILER INVOKED BY: C:\Keil\C51\BIN\C51.EXE KEY4.C DEBUG OBJECTEXTEND

line level    source

   1          /*******KEY4.C**********************
   2          *動作：在LCD顯示"KEY="，按鍵由LCD顯示4位數
   3          *接腳：列ROW0=P10,ROW1=P11,ROW2=P12,ROW3=P13,ROW4=P14 
   4          *      行COL0=P20,COL1=P21,COL2=P22,COL3=P23 
   5          *      P0=LCD的Data，P16=RS，RW=GND，P17=EN
   6          *****************************************/
   7          #include "..\AT89X52.H"   //暫存器及組態定義
   8          sfr  Data=0x80;//P0資料BUS輸出
   9          sbit RS=0x96;  //P16 LCD指令/資料控制,RS=0指令，RS=1資料
  10                         //LCD讀取/寫入控制,R/W=GND寫入
  11          sbit EN=0x97;  //P17 LCD致能輸出,EN=0禁能LCD，EN=1致能LCD
  12          
  13          sfr  ROW=0x90;  //P1為按鍵掃描輸出接腳
  14          sbit COL0=P2^0; //P2按鍵輸入接腳
  15          sbit COL1=P2^1;
  16          sbit COL2=P2^2;
  17          sbit COL3=P2^3;
  18          char code  Table[]="KEY="; //第一行陣列字元
  19          
  20          void dataout(uint8 keyout); //按鍵資料輸出
  21          char i=0;  //LCD顯示位置
  22          void main()
  23          {
  24   1       char count=0;   //按鍵計數=0
  25   1       unsigned char scan=0xfe;  //按鍵掃描令ROW0=0，其餘為1
  26   1       LCD_init();            // 重置及清除LCD
  27   1       LCD_Cmd(0x80);     //游標由第一行開始顯示  
  28   1       for(i=0; i<4; i++) //讀取陣列"KEY= "字元到LCD顯示出來 
  29   1         LCD_Data(Table[i]);   
  30   1       while(1)   //重覆執行
  31   1        {
  32   2          if(count>19){scan=0xfe;count=0;}//若計數>19，從頭開始
  33   2          ROW=scan;             //掃描輸出
  34   2              if(COL0==0) dataout(count);//檢查COL0列，若是計數輸出
  35   2          count++; Delay_ms(1);      //若不是，計數+1
  36   2          if(COL1==0) dataout(count);//檢查COL1列，若是計數輸出
  37   2          count++; Delay_ms(1);      //若不是，計數+1
  38   2          if(COL2==0) dataout(count);//檢查COL2列，若是計數輸出
  39   2          count++; Delay_ms(1);      //若不是，計數+1
  40   2          if(COL3==0) dataout(count);//檢查COL3列，若是計數輸出
  41   2          count++; Delay_ms(1);      //若不是，計數+1
  42   2          scan=RL8(scan); //左旋轉，換掃下一列,令ROW0~4輪流為0
  43   2         }
  44   1      }
  45          /***********************************************************
  46          *函數名稱: dataout
  47          *功能描述: 按鍵輸出資料送到LCD顯示數字，檢查是否放開按鍵
  48          *輸入參數：keyout
  49          ************************************************************/
  50          void dataout(char keyout) 
  51          {
  52   1        if(keyout>9) keyout=keyout+7; //數字超過9修正顯示A~F
  53   1        LCD_Data(keyout+'0');  //送到七段顯示器輸出
  54   1        Delay_ms(1);          //處理按鍵跳動之延遲
  55   1        while(!(COL0 & COL1 & COL2 & COL3));//若COL0~3≠1111未放開按鍵
C51 COMPILER V8.09   KEY4                                                                  03/17/2008 16:26:09 PAGE 2   

  56   1        Delay_ms(1);       //處理按鍵跳動之延遲
  57   1        i++;
  58   1        if(i>=4){i=0;LCD_Cmd(0x84);} //LCD顯示4個數字
  59   1      }
  60          /***********************************************************
  61          *函數名稱: LCD_Data
  62          *功能描述: 傳送資料到文字型LCD
  63          *輸入參數：dat
  64          ************************************************************/
  65          void LCD_Data(char dat)  //傳送資料到LCD
  66          {
  67   1          Data=dat; //資料送到BUS
  68   1          RS=1;  EN=1;//資料寫入到LCD內
  69   1          Delay_ms(1);   //LCD等待寫入完成
  70   1          EN=0;          //禁能LCD    
  71   1      }
  72          /***************************************************************
  73          *函數名稱: LCD_Cmd
  74          *功能描述: 傳送命令到文字型LCD
  75          *輸入參數：Cmd
  76          ************************************************************/
  77          void LCD_Cmd(unsigned char Cmd) //傳送命令到LCD
  78          {
  79   1          Data=Cmd;  //命令送到BUS
  80   1          RS=0;   EN=1; //命令寫入到LCD內
  81   1          Delay_ms(1);    //LCD等待寫入完成     
  82   1          EN=0;           //禁能LCD
  83   1      }
  84          /***************************************************************
  85          *函數名稱: LCD_init
  86          *功能描述: 啟始化文字型LCD
  87          *****************************************************************/
  88          void LCD_init(void)    //LCD的啟始程式  
  89          {
  90   1          LCD_Cmd(0x38);/*0011 1000,8bit傳輸,顯示2行,5*7字型
  91   1                          bit4:DL=1,8bit傳輸,
  92   1                          bit3:N=1,顯示2行
  93   1                          bit2:F=0,5*7字型*/    
  94   1          LCD_Cmd(0x0c);/*0000 1100,顯示幕ON,不顯示游標,游標不閃爍
  95   1                          bit2:D=1,顯示幕ON
  96   1                          bit1:C=0,不顯示游標
  97   1                              bit0:B=0,游標不閃爍*/
  98   1          LCD_Cmd(0x06);/*0000 0110,//顯示完游標右移,游標移位禁能 
  99   1                          bit1:I/D=1,顯示完游標右移,
 100   1                          bit0:S=0,游標移位禁能*/  
 101   1          LCD_Cmd(0x01); //清除顯示幕  
 102   1          LCD_Cmd(0x02); //游標回原位  
 103   1      }


MODULE INFORMATION:   STATIC OVERLAYABLE
   CODE SIZE        =    260    ----
   CONSTANT SIZE    =      5    ----
   XDATA SIZE       =   ----    ----
   PDATA SIZE       =   ----    ----
   DATA SIZE        =      1       2
   IDATA SIZE       =   ----    ----
   BIT SIZE         =   ----    ----
END OF MODULE INFORMATION.


C51 COMPILATION COMPLETE.  0 WARNING(S),  0 ERROR(S)
