C51 COMPILER V9.57.0.0   DEMO2                                                             04/29/2021 10:01:30 PAGE 1   


C51 COMPILER V9.57.0.0, COMPILATION OF MODULE DEMO2
OBJECT MODULE PLACED IN .\Objects\demo2.obj
COMPILER INVOKED BY: C:\Keil_v5\C51\BIN\C51.EXE demo2.c OPTIMIZE(8,SPEED) BROWSE DEBUG OBJECTEXTEND PRINT(.\Listings\dem
                    -o2.lst) TABS(2) OBJECT(.\Objects\demo2.obj)

line level    source

   1          #include "AT89X52.H"
   2          #include "TABLE8.H"
   3          
   4          sfr LED = 0x90;
   5          
   6          void main() {
   7   1        unsigned char hor = 23, min = 59, sec = 59;
   8   1        
   9   1        loop:
  10   1          P0 = ((sec/10)<<4)+(sec%10);
  11   1          P1 = ((min/10)<<4)+(min%10);
  12   1          P2 = ((hor/10)<<4)+(hor%10);
  13   1          Delay_ms(100);
  14   1          ++sec;
  15   1          if(sec<60)goto loop;
  16   1          sec=0;
  17   1          ++min;
  18   1          if(min<60)goto loop;
  19   1          min=0;
  20   1          ++hor;
  21   1          if(hor<24)goto loop;
  22   1          hor=min=sec=0;
  23   1          goto loop;
  24   1      }


MODULE INFORMATION:   STATIC OVERLAYABLE
   CODE SIZE        =    119    ----
   CONSTANT SIZE    =    256    ----
   XDATA SIZE       =   ----    ----
   PDATA SIZE       =   ----    ----
   DATA SIZE        =   ----    ----
   IDATA SIZE       =   ----    ----
   BIT SIZE         =   ----    ----
END OF MODULE INFORMATION.


C51 COMPILATION COMPLETE.  0 WARNING(S),  0 ERROR(S)
