Intel-8051 Macro Assembler - Version 1.00

      1    0000                           		ORG	000H			;
      2    0000     78 18                 START:	MOV	R0, #OK-TABLE+1	;
      3    0002     90 00 1F              		MOV	DPTR, #TABLE	;
      4    0005     79 00                 		MOV	R1, #00H		;
      5    0007     E9                    LOOP:		MOV 	A, R1			;
      6    0008     93                    		MOVC	A, @A+DPTR		;
      7    0009     F5 80                 		MOV	P0, A			;
      8    000B     11 12                 		ACALL	DELAY			;
      9    000D     09                    		INC	R1			;
     10    000E                           		
     11    000E     D8 F7                 		DJNZ	R0, LOOP		;
     12    0010     01 00                 		AJMP	START			;
     13    0012                           
     14    0012     7D 05                 DELAY:	MOV	R5, #5		;
     15    0014     7E C4                 DL1:		MOV	R6, #2500		;
     16    0016     7F D0                 DL2: 		MOV	R7, #2000		;
     17    0018     DF FE                 DL3:		DJNZ	R7, DL3		;
     18    001A     DE FA                 		DJNZ	R6, DL2		;
     19    001C     DD F6                 		DJNZ	R5, DL1		;
     20    001E     22                    		RET				;
     21    001F                           
     22    001F                           
     23    001F     81                    TABLE:	DB	10000001B
     24    0020     81                    		DB	10000001B
     25    0021     81                    		DB	10000001B
     26    0022     81                    		DB	10000001B
     27    0023     81                    		DB	10000001B
     28    0024     81                    		DB	10000001B
     29    0025     82                    		DB	10000010B
     30    0026     80                    		DB	10000000B
     31    0027     82                    		DB	10000010B
     32    0028     80                    		DB	10000000B
     33    0029     82                    		DB	10000010B
     34    002A     80                    		DB	10000000B		;
     35    002B     24                    		DB	00100100B
     36    002C     24                    		DB	00100100B
     37    002D     24                    		DB	00100100B
     38    002E     24                    		DB	00100100B
     39    002F     24                    		DB	00100100B
     40    0030     24                    		DB	00100100B
     41    0031     44                    		DB	01000100B
     42    0032     04                    		DB	00000100B
     43    0033     44                    		DB	01000100B
     44    0034     04                    		DB	00000100B
     45    0035     44                    		DB	01000100B
     46    0036     04                    OK:		DB	00000100B		;
     47    0037                           		END				;
