C51 COMPILER V9.57.0.0   DEMO2_WORK1                                                       04/15/2021 09:36:58 PAGE 1   


C51 COMPILER V9.57.0.0, COMPILATION OF MODULE DEMO2_WORK1
OBJECT MODULE PLACED IN .\Objects\demo2_work1.obj
COMPILER INVOKED BY: C:\Keil_v5\C51\BIN\C51.EXE demo2_work1.c OMF2 OPTIMIZE(8,SPEED) BROWSE DEBUG PRINT(.\Listings\demo2
                    -_work1.lst) TABS(2) OBJECT(.\Objects\demo2_work1.obj)

line level    source

   1          sfr P0 =0x80;
   2          
   3          main() {
   4   1        unsigned char a=0x2f; //0010 1111
   5   1        static unsigned char i;
   6   1        
   7   1        loop:
   8   1          i = a | 0x40 ;// (0010 1111) | (0100 0000) = (0110 1111)
   9   1          i = i & 0xfe; // (0110 1111) & (1111 1110) = (0110 1110)
  10   1          P0=i;
  11   1        goto loop;
  12   1      }


MODULE INFORMATION:   STATIC OVERLAYABLE
   CODE SIZE        =     15    ----
   CONSTANT SIZE    =   ----    ----
   XDATA SIZE       =   ----    ----
   PDATA SIZE       =   ----    ----
   DATA SIZE        =      1    ----
   IDATA SIZE       =   ----    ----
   BIT SIZE         =   ----    ----
   EDATA SIZE       =   ----    ----
   HDATA SIZE       =   ----    ----
   XDATA CONST SIZE =   ----    ----
   FAR CONST SIZE   =   ----    ----
END OF MODULE INFORMATION.


C51 COMPILATION COMPLETE.  0 WARNING(S),  0 ERROR(S)
