C51 COMPILER V9.57.0.0   WORK2                                                             04/21/2021 21:14:12 PAGE 1   


C51 COMPILER V9.57.0.0, COMPILATION OF MODULE WORK2
OBJECT MODULE PLACED IN .\Objects\work2.obj
COMPILER INVOKED BY: C:\Keil_v5\C51\BIN\C51.EXE work2.c OMF2 OPTIMIZE(8,SPEED) BROWSE DEBUG PRINT(.\Listings\work2.lst) 
                    -TABS(2) OBJECT(.\Objects\work2.obj)

line level    source

   1          void main() { 
   2   1      unsigned char b=0x3e,d=0x30; 
   3   1      unsigned char l,i,j,k,m,n; 
   4   1      l=d>>3; 
   5   1      m=b | d; 
   6   1      i=~b; 
   7   1      j=!d; 
   8   1      k=b<<4;
   9   1      }
*** WARNING C280 IN LINE 3 OF work2.c: 'n': unreferenced local variable


MODULE INFORMATION:   STATIC OVERLAYABLE
   CODE SIZE        =     36    ----
   CONSTANT SIZE    =   ----    ----
   XDATA SIZE       =   ----    ----
   PDATA SIZE       =   ----    ----
   DATA SIZE        =   ----       6
   IDATA SIZE       =   ----    ----
   BIT SIZE         =   ----    ----
   EDATA SIZE       =   ----    ----
   HDATA SIZE       =   ----    ----
   XDATA CONST SIZE =   ----    ----
   FAR CONST SIZE   =   ----    ----
END OF MODULE INFORMATION.


C51 COMPILATION COMPLETE.  1 WARNING(S),  0 ERROR(S)
