C51 COMPILER V8.08   ADC2                                                                  08/02/2007 11:08:10 PAGE 1   


C51 COMPILER V8.08, COMPILATION OF MODULE ADC2
OBJECT MODULE PLACED IN ADC2.OBJ
COMPILER INVOKED BY: C:\Keil\C51\BIN\C51.EXE ADC2.C DEBUG OBJECTEXTEND

line level    source

   1          /**************** ADC2.C ****ADC0804實習板*************
   2          *動作：輸入類比電壓，中斷方式讀取數位資料，在LED顯示數位資料
   3          *接線：INTR=P32，RD=P10，WR=P11，CS接地                 
   4          ****************************************************/
   5          #include "..\AT89X52.H"   //暫存器及組態定義
   6          sfr   Data=0x80;   //P0資料BUS輸出
   7          sfr   LED=0xA0;    //P2為LED輸出
   8          sbit  AD_RD=P1^0 ; //P10為讀取控制，RD=0讀取數位資料
   9          sbit  AD_WR=P1^1 ; //P10為寫入轉換控制，WR=0->1開始轉換
  10          main()
  11          {
  12   1              EA=1; EX0=1;    //致能外部INT0中斷
  13   1              IT0=1;          //設定INT0腳負緣觸發中斷
  14   1              AD_WR=0; AD_WR=1;//ADC開始轉換
  15   1              while(1);                //等待轉換完畢
  16   1      }
  17          void EX0_SUB(void) interrupt 0
  18          {
  19   1              AD_RD=0;         //轉換完畢，讀取數位資料
  20   1              LED=Data;    //數位資料由LED輸出
  21   1              AD_RD=1;         //ADC停止讀取
  22   1              AD_WR=0; AD_WR=1;//ADC重新開始轉換
  23   1      }


MODULE INFORMATION:   STATIC OVERLAYABLE
   CODE SIZE        =     46    ----
   CONSTANT SIZE    =   ----    ----
   XDATA SIZE       =   ----    ----
   PDATA SIZE       =   ----    ----
   DATA SIZE        =   ----    ----
   IDATA SIZE       =   ----    ----
   BIT SIZE         =   ----    ----
END OF MODULE INFORMATION.


C51 COMPILATION COMPLETE.  0 WARNING(S),  0 ERROR(S)
