C51 COMPILER V8.16   ADC1                                                                  10/13/2008 11:39:13 PAGE 1   


C51 COMPILER V8.16, COMPILATION OF MODULE ADC1
OBJECT MODULE PLACED IN ADC1.OBJ
COMPILER INVOKED BY: C:\Keil\C51\BIN\C51.EXE ADC1.C DEBUG OBJECTEXTEND

line level    source

   1          /************** ADC1.C *******ADC0804實習板**********
   2          *動作：輸入類比電壓，讀取數位資料，在LED顯示數位資料
   3          *接線：INTR=P32，RD=P10，WR=P11，CS接地                 
   4          ****************************************************/
   5          #include "..\AT89X52.H"   //暫存器及組態定義
   6          sfr   Data=0xA0;  //P2資料BUS輸出
   7          sfr   LED=0x80;   //P0為LED輸出
   8          sbit  INTR=0xB2;  //P32為轉換完畢旗標，1=未完，0=完畢 
   9          sbit  AD_RD=P1^0; //P10為讀取控制，RD=0讀取數位資料
  10          sbit  AD_WR=P1^1; //P11為寫入轉換控制，WR=0->1開始轉換
  11          main()
  12          {
  13   1              while(1)
  14   1              {
  15   2                  AD_WR=0; AD_WR=1; //ADC開始轉換
  16   2                  while(INTR);  //等待INTR=0轉換完畢
  17   2                  AD_RD=0;      //轉換完畢，讀取數位資料
  18   2                  LED=Data;     //數位資料由LED輸出
  19   2                  AD_RD=1;      //ADC停止讀取
  20   2              }
  21   1      }


MODULE INFORMATION:   STATIC OVERLAYABLE
   CODE SIZE        =     38    ----
   CONSTANT SIZE    =   ----    ----
   XDATA SIZE       =   ----    ----
   PDATA SIZE       =   ----    ----
   DATA SIZE        =   ----    ----
   IDATA SIZE       =   ----    ----
   BIT SIZE         =   ----    ----
END OF MODULE INFORMATION.


C51 COMPILATION COMPLETE.  0 WARNING(S),  0 ERROR(S)
