Intel-8051 Macro Assembler - Version 1.00

      1    0000                           	ORG		000H
      2    0000     75 80 00              	MOV	P0, #00000000B
      3    0003     75 90 FE              LOOP:	MOV	P1, #11111110B
      4    0006     30 A0 38              	JNB	P2.0, KEY0
      5    0009     30 A1 3A              	JNB	P2.1, KEY1
      6    000C     30 A2 3C              	JNB	P2.2, KEY2
      7    000F     30 A3 3E              	JNB	P2.3, KEY3
      8    0012                           
      9    0012     75 90 FD              	MOV	P1, #11111101B
     10    0015     30 A0 3D              	JNB	P2.0, KEY4
     11    0018     30 A1 3F              	JNB	P2.1, KEY5
     12    001B     30 A2 41              	JNB	P2.2, KEY6
     13    001E     30 A3 43              	JNB	P2.3, KEY7
     14    0021                           
     15    0021     75 90 FB              	MOV	P1, #11111011B
     16    0024     30 A0 42              	JNB	P2.0, KEY8
     17    0027     30 A1 44              	JNB	P2.1, KEY9
     18    002A     30 A2 46              	JNB	P2.2, KEYA
     19    002D     30 A3 48              	JNB	P2.3, KEYB
     20    0030                           
     21    0030     75 90 F7              	MOV	P1, #11110111B
     22    0033     30 A0 47              	JNB	P2.0, KEYC
     23    0036     30 A1 49              	JNB	P2.1, KEYD
     24    0039     30 A2 4B              	JNB	P2.2, KEYE
     25    003C     30 A3 4D              	JNB	P2.3, KEYF
     26    003F     01 03                 	AJMP	LOOP
     27    0041                           
     28    0041     75 80 00              KEY0:	MOV	P0, #00000000B
     29    0044     01 03                 	AJMP	LOOP
     30    0046     75 80 01              KEY1:	MOV	P0, #00000001B
     31    0049     01 03                 	AJMP	LOOP
     32    004B     75 80 02              KEY2:	MOV	P0, #00000010B
     33    004E     01 03                 	AJMP	LOOP
     34    0050     75 80 03              KEY3:	MOV	P0, #00000011B
     35    0053     01 03                 	AJMP	LOOP
     36    0055     75 80 04              KEY4:	MOV	P0, #00000100B
     37    0058     01 03                 	AJMP	LOOP
     38    005A     75 80 05              KEY5:	MOV	P0, #00000101B
     39    005D     01 03                 	AJMP	LOOP
     40    005F     75 80 06              KEY6:	MOV	P0, #00000110B
     41    0062     01 03                 	AJMP	LOOP
     42    0064     75 80 07              KEY7:	MOV	P0, #00000111B
     43    0067     01 03                 	AJMP	LOOP
     44    0069     75 80 08              KEY8:	MOV	P0, #00001000B
     45    006C     01 03                 	AJMP	LOOP
     46    006E     75 80 09              KEY9:	MOV	P0, #00001001B
     47    0071     01 03                 	AJMP	LOOP
     48    0073     75 80 0A              KEYA:	MOV	P0, #00001010B
     49    0076     01 03                 	AJMP	LOOP
     50    0078     75 80 0B              KEYB:	MOV	P0, #00001011B
     51    007B     01 03                 	AJMP	LOOP
     52    007D     75 80 0C              KEYC:	MOV	P0, #00001100B
     53    0080     01 03                 	AJMP	LOOP
     54    0082     75 80 0D              KEYD:	MOV	P0, #00001101B
     55    0085     01 03                 	AJMP	LOOP
     56    0087     75 80 0E              KEYE:	MOV	P0, #00001110B
     57    008A     01 03                 	AJMP	LOOP
     58    008C     75 80 0F              KEYF:	MOV	P0, #00001111B
     59    008F     01 03                 	AJMP	LOOP
     60    0091                           
     61    0091                           	END
